ASxxxx Assembler V02.00 + NoICE + SDCC mods  (Intel 8051)               Page 1
Hexadecimal [24-Bits]



                                      1 .include "apps.inc"
                                      1 .globl lcd_app
                                      2 
                                      3 .globl pwm_app
                                      4 
                                      5 .globl vt102_app
ASxxxx Assembler V02.00 + NoICE + SDCC mods  (Intel 8051)               Page 2
Hexadecimal [24-Bits]



                                      2 
                                      3 .area CSEG (CODE)
                                      4 
      000000                          5 lcd_app:
                                      6 
      000000 22               [24]    7 	ret
                                      8 
      000001                          9 pwm_app:
      000001 22               [24]   10 	ret
                                     11 
      000002                         12 vt102_app:
      000002 22               [24]   13 	ret
