ASxxxx Assembler V02.00 + NoICE + SDCC mods  (Intel 8051)               Page 1
Hexadecimal [24-Bits]



                                      1 .include "bios.inc"
                                      1 .globl sys_putc
                                      2 .globl sys_getc
                                      3 .globl sys_puts
                                      4 .globl sys_gets
                                      5 .globl sys_puts_xram
                                      6 .globl sys_init
                                      7 .globl sys_serial_isr
                                      8 .globl sys_clrscrn
                                      9 .globl sys_reset
                                     10 .globl sys_rand
ASxxxx Assembler V02.00 + NoICE + SDCC mods  (Intel 8051)               Page 2
Hexadecimal [24-Bits]



                                      2 .include "uart.inc"
                                      1 .globl uart_init
                                      2 
                                      3 ; receives a character via serial line
                                      4 ; ==> none
                                      5 ; <== a: character received
                                      6 .globl uart_rx_char
                                      7 
                                      8 ; sends a character via serial line
                                      9 ; ==> a:	character to send
                                     10 ; <== none
                                     11 .globl uart_tx_char
                                     12 
                                     13 ; sends an null-terminated string via serial line
                                     14 ; ==> dptr: address of string
                                     15 ; <== none
                                     16 .globl uart_tx_asciz
                                     17 
                                     18 ; receives a null-terminated string via serial line
                                     19 ; ==> none
                                     20 ; <== dptr: address of received string
                                     21 .globl uart_rx_asciz
                                     22 
                                     23 .globl uart_rx_isr
                                     24 
                                     25 .globl return_uart_rx_buffer
                                     26 
                                     27 .globl uart_rx_buffer_size
                                     28 
                                     29 .globl uart_tx_asciz_xram
ASxxxx Assembler V02.00 + NoICE + SDCC mods  (Intel 8051)               Page 3
Hexadecimal [24-Bits]



                                      3 .include "vt102.inc"
                                      1 
                           00001B     2 VT102_ESC			.equ		0x1b
                                      3 
                                      4 .globl vt102_clear_screen
                                      5 
                                      6 ; draws a line from the current position to a destination
                                      7 ; --> r7: row of end of line
                                      8 ; --> r6: col of end of line
                                      9 .globl vt102_line_to
                                     10 
                                     11 .globl vt102_send_bs
                                     12 
                                     13 .globl vt102_send_spc
                                     14 
                                     15 .globl vt102_handle_BS
ASxxxx Assembler V02.00 + NoICE + SDCC mods  (Intel 8051)               Page 4
Hexadecimal [24-Bits]



                                      4 .include "math.inc"
                                      1 
                                      2 .globl rand_init
                                      3 
                                      4 .globl rand
                                      5 
                                      6 .globl get_seed
ASxxxx Assembler V02.00 + NoICE + SDCC mods  (Intel 8051)               Page 5
Hexadecimal [24-Bits]



                                      5 
                                      6 .area CSEG (CODE)
                                      7 
      000000                          8 bios_jmp_table:
      000000 02 00 00         [24]    9 sys_putc:		ljmp uart_tx_char
      000003 02 00 00         [24]   10 sys_getc:		ljmp uart_rx_char
      000006 02 00 00         [24]   11 sys_puts:		ljmp uart_tx_asciz
      000009 02 00 00         [24]   12 sys_gets:		ljmp uart_rx_asciz
      00000C 02 00 00         [24]   13 sys_puts_xram:	ljmp uart_tx_asciz_xram	
      00000F 02 00 00         [24]   14 sys_serial_isr:	ljmp uart_rx_isr
      000012 02 00 00         [24]   15 sys_clrscrn:	ljmp vt102_clear_screen
      000015 02 00 00         [24]   16 sys_rand:		ljmp rand
                                     17 
      000018                         18 sys_init:
      000018 12 00 15         [24]   19 	lcall sys_rand
      00001B 12 00 00         [24]   20 	lcall uart_init
      00001E 22               [24]   21 	ret
                                     22 
      00001F                         23 sys_reset:
      00001F 02 FF FC         [24]   24 	ljmp 0xfffc
      000022 22               [24]   25 	ret
