ASxxxx Assembler V02.00 + NoICE + SDCC mods  (Intel 8051)               Page 1
Hexadecimal [24-Bits]



                                      1 .include "cmd_dispatch.inc"
                                      1 .globl	cmd_dispatcher_find
                                      2 .globl cmd_dispatcher_exec
                                      3 
                                      4 
ASxxxx Assembler V02.00 + NoICE + SDCC mods  (Intel 8051)               Page 2
Hexadecimal [24-Bits]



                                      2 .include "string.inc"
                                      1 ; finds character c in the first n bytes of a memory buffer in program memory
                                      2 ; --> r6,r7: address of memory buffer
                                      3 ; --> r5: 	character for which to search
                                      4 ; --> r4:	how many bytes at which to look
                                      5 ; <-- r6,r7: address at which character was found, otherwise NULL
                                      6 ; <-- c: clear if found, otherwise set
                                      7 .globl memchr_c
                                      8 
                                      9 ; finds character c in the first n bytes of a memory buffer in data memory
                                     10 ; --> r6,r7: address of memory buffer
                                     11 ; --> r5: 	character for which to search
                                     12 ; --> r4:	how many bytes at which to look
                                     13 ; <-- r6,r7: address at which character was found, otherwise NULL
                                     14 .globl memchr
                                     15 
                                     16 ; compares the first n bytes of two blocks of memory, one of which is in program memory
                                     17 ; --> r6, r7: 	address of block of memory in program memory
                                     18 ; --> r4, r5: 	address of block of memory in data memory
                                     19 ; --> r3: 		how many bytes to compare
                                     20 ; <-- r7:		0 if equal, -1 if first block is less than second block, otherwise 1
                                     21 
                                     22 .globl memcmp_c
                                     23 
                                     24 ; copies n bytes from one memory block to another, one of which resides in program memory
                                     25 ; --> r6, r7: address of source memory block in program memory
                                     26 ; --> r4, r5: address of destination memory block in data memory
                                     27 ; --> r3: 	  how many bytes to copy
                                     28 
                                     29 .globl memcpy_c
                                     30 
                                     31 ; initializes a memory block with a specific byte
                                     32 ; --> r6, r7: address of memory block
                                     33 ; --> r5: length of memory block
                                     34 ; --> r4: byte to fill the block
                                     35 
                                     36 .globl memset
                                     37 
                                     38 ; moves a memory block from one location to another
                                     39 ; --> r6, r7: address of source memory block
                                     40 ; --> r4, r5: address of destination memory block
                                     41 ; --> r3: how many bytes to move
                                     42 .globl memcpy
                                     43 
                                     44 .globl strncmp
                                     45 
                                     46 .globl strcmp
                                     47 
ASxxxx Assembler V02.00 + NoICE + SDCC mods  (Intel 8051)               Page 3
Hexadecimal [24-Bits]



                                      3 .include "commands.inc"
ASxxxx Assembler V02.00 + NoICE + SDCC mods  (Intel 8051)               Page 4
Hexadecimal [24-Bits]



                                      1 .include "constants.inc"
                           000009     1 TAB			.equ		0x09
                           000000     2 NULL 		.equ		0x00 
                           000008     3 BS 			.equ		0x08
                           000020     4 SPC			.equ		0x20
                           00000A     5 CR			.equ		0x0a
                           00000D     6 LF			.equ		0x0d
                           00007F     7 DEL			.equ		0x7f
                                      8 
                                      9 .globl title_str
                                     10 .globl newline_str
                                     11 .globl command_prompt_str
                                     12 .globl help_table
                                     13 .globl app_table
                                     14 .globl help_txt
                                     15 .globl ls_txt
                                     16 .globl peek_txt
                                     17 .globl poke_txt
                                     18 .globl clear_txt
                                     19 .globl reset_txt
                                     20 .globl write_txt
                                     21 .globl dump_txt
                                     22 .globl fill_txt
                                     23 .globl copy_txt
                                     24 .globl goto_txt
                                     25 .globl iram_txt
                                     26 .globl sfr_txt
                                     27 .globl msg_err
                                     28 
ASxxxx Assembler V02.00 + NoICE + SDCC mods  (Intel 8051)               Page 5
Hexadecimal [24-Bits]



                                      2 
                                      3 .globl do_help
                                      4 
                                      5 .globl do_ls
                                      6 
                                      7 .globl do_peek
                                      8 
                                      9 .globl do_poke
                                     10 
                                     11 .globl do_dump
                                     12 
                                     13 .globl do_clear
                                     14 
                                     15 ; fills a memory block with a specific byte
                                     16 .globl do_fill
                                     17 
                                     18 ; copies a memory block from one location to another
                                     19 .globl do_copy
                                     20 ; jumps to a memory address in program memory
                                     21 ; --> r6, r7: memmory address in program memory
                                     22 .globl do_goto
                                     23 
                                     24 .globl do_iram
                                     25 
                                     26 .globl do_sfr
                                     27 
                                     28 .globl do_write
                                     29 
                                     30 .globl do_invalid
                                     31 
                                     32 .globl do_load
                                     33 
                                     34 .globl do_reset
                                     35 
                                     36 .globl do_test_goto
                                     37 
                                     38 .globl do_test_rand
ASxxxx Assembler V02.00 + NoICE + SDCC mods  (Intel 8051)               Page 6
Hexadecimal [24-Bits]



                                      4 .include "bios.inc"
                                      1 .globl sys_putc
                                      2 .globl sys_getc
                                      3 .globl sys_puts
                                      4 .globl sys_gets
                                      5 .globl sys_puts_xram
                                      6 .globl sys_init
                                      7 .globl sys_serial_isr
                                      8 .globl sys_clrscrn
                                      9 .globl sys_reset
                                     10 .globl sys_rand
ASxxxx Assembler V02.00 + NoICE + SDCC mods  (Intel 8051)               Page 7
Hexadecimal [24-Bits]



                                      5 .include "conio.inc"
                                      1 
                                      2 .globl get_hex_address
                                      3 
                                      4 .globl skip_blanks
                                      5 
                                      6 .globl println
                                      7 
                                      8 ; prints tab
                                      9 .globl printtab
                                     10 
                                     11 ; prints space
                                     12 .globl printspc
                                     13 
                                     14 .globl ahex2word
                                     15 
                                     16 .globl ahex2byte
ASxxxx Assembler V02.00 + NoICE + SDCC mods  (Intel 8051)               Page 8
Hexadecimal [24-Bits]



                                      6 
                                      7 .area CSEG (CODE)
                                      8 
                                      9 ; executes handler for command if found, otherwise executes invalid command handler
                                     10 ; --> dptr			address of command string to find
                                     11 ; <-- None
      000000                         12 cmd_dispatcher_exec:
      000000 AF 83            [24]   13 	mov R7, dph						; save address of command
      000002 AE 82            [24]   14 	mov R6, dpl
      000004 12 00 16         [24]   15 	lcall cmd_dispatcher_find		; find it in command table
      000007 A3               [24]   16 	inc dptr						; dptr contains address of entry of command or entry of invalid command
      000008 A3               [24]   17 	inc dptr						; advance 3 bytes to address of handler
      000009 A3               [24]   18 	inc dptr
                                     19 
      00000A E4               [12]   20 	clr a
      00000B 93               [24]   21 	movc a, @a + dptr
      00000C F9               [12]   22 	mov R1, a
      00000D 74 01            [12]   23 	mov a, #0x01
      00000F 93               [24]   24 	movc a, @a + dptr
      000010 C0 E0            [24]   25 	push a							; push low byte first
      000012 C0 01            [24]   26 	push 0x01						; push R1, high byte next
      000014 22               [24]   27 	ret								; dispatch command
                                     28 
      000015 22               [24]   29 	ret
                                     30 
                                     31 ; finds the entry for the specified command
                                     32 ; --> R7:R6		address of command to find
                                     33 ; <-- dptr		address of entry for found command, otherwise address of unknow command entry
                                     34 ; <-- C			set if found, otherwise clear
      000016                         35 cmd_dispatcher_find:
      000016 90 00 A9         [24]   36 	mov dptr, #cmd_dispatch_table
      000019                         37 cmd_dispatch_find_loop:
      000019 E4               [12]   38 	clr a
      00001A 93               [24]   39 	movc a, @a + dptr					; get id of command
      00001B 64 FF            [12]   40 	xrl a, #0xff						; compare to ff which is id of invalid command handler
      00001D 60 2D            [24]   41 	jz cmd_dispatch_find_exit			; dptr points to invalid cmd entry, exit
      00001F A9 83            [24]   42 	mov R1, dph							; save start of entry in table
      000021 A8 82            [24]   43 	mov R0, dpl
      000023 A3               [24]   44 	inc dptr							; points to command name in table
      000024 EF               [12]   45 	mov a, R7							; save address, strcmp will destroy it
      000025 FB               [12]   46 	mov R3, a
      000026 EE               [12]   47 	mov a, R6
      000027 FA               [12]   48 	mov R2, a
      000028 E4               [12]   49 	clr a								; get address of command name entry
      000029 93               [24]   50 	movc a, @a + dptr
      00002A FD               [12]   51 	mov R5, a							; get higher byte
      00002B 74 01            [12]   52 	mov a, #0x01
      00002D 93               [24]   53 	movc a, @a + dptr					; get lower byte
      00002E F5 82            [12]   54 	mov dpl, a
      000030 8D 83            [24]   55 	mov dph, R5
      000032 12 00 00         [24]   56 	lcall strcmp						; compare to command we are looking for
      000035 EB               [12]   57 	mov a, R3							; restore R7:R6
      000036 FF               [12]   58 	mov R7, a
      000037 EA               [12]   59 	mov a, R2
      000038 FE               [12]   60 	mov R6, a
ASxxxx Assembler V02.00 + NoICE + SDCC mods  (Intel 8051)               Page 9
Hexadecimal [24-Bits]



      000039 40 0B            [24]   61 	jc cmd_dispatch_find_match			; match found
      00003B 89 83            [24]   62 	mov dph, R1							; restore start of entry address
      00003D 88 82            [24]   63 	mov dpl, R0
      00003F A3               [24]   64 	inc dptr							; move forward to next entry
      000040 A3               [24]   65 	inc dptr
      000041 A3               [24]   66 	inc dptr
      000042 A3               [24]   67 	inc dptr
      000043 A3               [24]   68 	inc dptr
      000044 80 D3            [24]   69 	sjmp cmd_dispatch_find_loop			; repeat
      000046                         70 cmd_dispatch_find_match:
      000046 D3               [12]   71 	setb c
      000047 89 83            [24]   72 	mov dph, R1							; restore address of entry, C is already set
      000049 88 82            [24]   73 	mov dpl, R0
      00004B 22               [24]   74 	ret
      00004C                         75 cmd_dispatch_find_exit:
      00004C C3               [12]   76 	clr c								; command not found, set C.  dptr points to unknown cmd entry
      00004D 22               [24]   77 	ret
                                     78 
      00004E                         79 cmd_dispatch_print_table:
                                     80 	
                                     81 
      00004E 22               [24]   82 	ret
                                     83 
      00004F 68 65 6C 70 00          84 cmd_dispatch_help:		.asciz			"help"
      000054 70 65 65 6B 00          85 cmd_dispatch_peek:		.asciz			"peek"
      000059 70 6F 6B 65 00          86 cmd_dispatch_poke:		.asciz			"poke"
      00005E 72 65 73 65 74 00       87 cmd_dispatch_reset:		.asciz			"reset"
      000064 63 6C 65 61 72 00       88 cmd_dispatch_clear:		.asciz			"clear"
      00006A 64 75 6D 70 00          89 cmd_dispatch_dump:		.asciz			"dump"
      00006F 6C 6F 61 64 00          90 cmd_dispatch_load:		.asciz			"load"
      000074 6C 73 00                91 cmd_dispatch_ls:		.asciz			"ls"
      000077 66 69 6C 6C 00          92 cmd_dispatch_fill:		.asciz			"fill"
      00007C 63 6F 70 79 00          93 cmd_dispatch_copy:		.asciz			"copy"
      000081 67 6F 74 6F 00          94 cmd_dispatch_goto:		.asciz			"goto"
      000086 69 72 61 6D 00          95 cmd_dispatch_iram:		.asciz			"iram"
      00008B 73 66 72 00             96 cmd_dispatch_sfr:		.asciz			"sfr"
      00008F 77 72 69 74 65 00       97 cmd_dispatch_write:		.asciz			"write"
      000095 74 65 73 74 5F 72 61    98 cmd_dispatch_test_rand:	.asciz			"test_rand"
             6E 64 00
      00009F 74 65 73 74 5F 67 6F    99 cmd_dispatch_test_goto:	.asciz			"test_goto"
             74 6F 00
                                    100 
      0000A9                        101 cmd_dispatch_table:
      0000A9 00                     102 	.db			#0x00
      0000AA 00 4F                  103 	.dw			cmd_dispatch_help
      0000AC 00 00                  104 	.dw			do_help	
                                    105 
      0000AE 01                     106 	.db			#0x01
      0000AF 00 54                  107 	.dw			cmd_dispatch_peek
      0000B1 00 00                  108 	.dw			do_peek	
                                    109 
      0000B3 02                     110 	.db			#0x02
      0000B4 00 59                  111 	.dw			cmd_dispatch_poke
      0000B6 00 00                  112 	.dw			do_poke
                                    113 
ASxxxx Assembler V02.00 + NoICE + SDCC mods  (Intel 8051)              Page 10
Hexadecimal [24-Bits]



      0000B8 03                     114 	.db			#0x03
      0000B9 00 5E                  115 	.dw			cmd_dispatch_reset
      0000BB 00 00                  116 	.dw			do_reset
                                    117 
      0000BD 04                     118 	.db			#0x04
      0000BE 00 64                  119 	.dw			cmd_dispatch_clear
      0000C0 00 00                  120 	.dw			do_clear
                                    121 
      0000C2 05                     122 	.db			#0x05
      0000C3 00 6A                  123 	.dw			cmd_dispatch_dump
      0000C5 00 00                  124 	.dw			do_dump
                                    125 
      0000C7 06                     126 	.db			#0x06
      0000C8 00 6F                  127 	.dw			cmd_dispatch_load
      0000CA 00 00                  128 	.dw			do_load
                                    129 
      0000CC 07                     130 	.db			#0x07
      0000CD 00 74                  131 	.dw			cmd_dispatch_ls
      0000CF 00 00                  132 	.dw			do_ls
                                    133 
      0000D1 08                     134 	.db			#0x08
      0000D2 00 77                  135 	.dw			cmd_dispatch_fill
      0000D4 00 00                  136 	.dw			do_fill
                                    137 
      0000D6 09                     138 	.db			#0x09
      0000D7 00 7C                  139 	.dw			cmd_dispatch_copy
      0000D9 00 00                  140 	.dw			do_copy
                                    141 
      0000DB 0A                     142 	.db			#0x0a
      0000DC 00 81                  143 	.dw			cmd_dispatch_goto
      0000DE 00 00                  144 	.dw			do_goto
                                    145 
      0000E0 0B                     146 	.db			#0x0b
      0000E1 00 86                  147 	.dw			cmd_dispatch_iram
      0000E3 00 00                  148 	.dw			do_iram
                                    149 	
      0000E5 0C                     150 	.db			#0x0c
      0000E6 00 8B                  151 	.dw			cmd_dispatch_sfr
      0000E8 00 00                  152 	.dw			do_sfr
                                    153 
      0000EA 0D                     154 	.db			#0x0d
      0000EB 00 8F                  155 	.dw			cmd_dispatch_write
      0000ED 00 00                  156 	.dw			do_write
                                    157 
      0000EF 0E                     158 	.db			#0x0e
      0000F0 00 95                  159 	.dw			cmd_dispatch_test_rand
      0000F2 00 00                  160 	.dw			do_test_rand
                                    161 
      0000F4 0F                     162 	.db			#0x0f
      0000F5 00 9F                  163 	.dw			cmd_dispatch_test_goto
      0000F7 00 00                  164 	.dw			do_test_goto
                                    165 
      0000F9 FF                     166 	.db			#0xff
      0000FA 00 00                  167 	.dw			#0x00
      0000FC 00 00                  168 	.dw			do_invalid
ASxxxx Assembler V02.00 + NoICE + SDCC mods  (Intel 8051)              Page 11
Hexadecimal [24-Bits]



                                    169 
