ASxxxx Assembler V02.00 + NoICE + SDCC mods  (Intel 8051)               Page 1
Hexadecimal [24-Bits]



                                      1 .include "conio.inc"
                                      1 
                                      2 .globl get_hex_address
                                      3 
                                      4 .globl skip_blanks
                                      5 
                                      6 .globl println
                                      7 
                                      8 ; prints tab
                                      9 .globl printtab
                                     10 
                                     11 ; prints space
                                     12 .globl printspc
                                     13 
                                     14 .globl ahex2word
                                     15 
                                     16 .globl ahex2byte
ASxxxx Assembler V02.00 + NoICE + SDCC mods  (Intel 8051)               Page 2
Hexadecimal [24-Bits]



                                      2 .include "constants.inc"
                           000009     1 TAB			.equ		0x09
                           000000     2 NULL 		.equ		0x00 
                           000008     3 BS 			.equ		0x08
                           000020     4 SPC			.equ		0x20
                           00000A     5 CR			.equ		0x0a
                           00000D     6 LF			.equ		0x0d
                           00007F     7 DEL			.equ		0x7f
                                      8 
                                      9 .globl title_str
                                     10 .globl newline_str
                                     11 .globl command_prompt_str
                                     12 .globl help_table
                                     13 .globl app_table
                                     14 .globl help_txt
                                     15 .globl ls_txt
                                     16 .globl peek_txt
                                     17 .globl poke_txt
                                     18 .globl clear_txt
                                     19 .globl reset_txt
                                     20 .globl write_txt
                                     21 .globl dump_txt
                                     22 .globl fill_txt
                                     23 .globl copy_txt
                                     24 .globl goto_txt
                                     25 .globl iram_txt
                                     26 .globl sfr_txt
                                     27 .globl msg_err
                                     28 
ASxxxx Assembler V02.00 + NoICE + SDCC mods  (Intel 8051)               Page 3
Hexadecimal [24-Bits]



                                      3 .include "ascii.inc"
                                      1 ; Function: asc2bin
                                      2 ; Input:  Accumulator (A) = ASCII character ('0'-'9', 'A'-'F')
                                      3 ; Output: Accumulator (A) = Binary value (00h-0Fh)
                                      4 ; Uses:   R0 (temporary storage)
                                      5 .globl asc2nibble
                                      6 
                                      7 ; converts a binary value to an ascii character
                                      8 ; --> a: binary value to be converted
                                      9 ; <-- a: ascii character 
                                     10 .globl nibble2asc
                                     11 
                                     12 ; converts a hex value to ascii
                                     13 ; --> a: hex value
                                     14 ; <-- b: ascii equivalent of upper nibble
                                     15 ; <-- a: ascii equivalent of lower nibble
                                     16 .globl hex2asc
                                     17 
                                     18 .globl asc2byte
                                     19 
                                     20 .globl byte2asc
ASxxxx Assembler V02.00 + NoICE + SDCC mods  (Intel 8051)               Page 4
Hexadecimal [24-Bits]



                                      4 .include "bios.inc"
                                      1 .globl sys_putc
                                      2 .globl sys_getc
                                      3 .globl sys_puts
                                      4 .globl sys_gets
                                      5 .globl sys_puts_xram
                                      6 .globl sys_init
                                      7 .globl sys_serial_isr
                                      8 .globl sys_clrscrn
                                      9 .globl sys_reset
                                     10 .globl sys_rand
ASxxxx Assembler V02.00 + NoICE + SDCC mods  (Intel 8051)               Page 5
Hexadecimal [24-Bits]



                                      5 
                                      6 .area CSEG (CODE)
                                      7 
      000000                          8 ahex2byte:
      000000 E0               [24]    9 	movx a, @dptr						; read upper nibble
      000001 12 00 00         [24]   10 	lcall asc2nibble
      000004 F5 F0            [12]   11 	mov b, a							; save it
      000006 A3               [24]   12 	inc dptr
      000007 E0               [24]   13 	movx a, @dptr						; read lower nibble
      000008 12 00 00         [24]   14 	lcall asc2nibble
      00000B C4               [12]   15 	swap a								
      00000C 54 F0            [12]   16 	anl a, #0xf0						; clear lower nibble
      00000E 45 F0            [12]   17 	orl a, b							; merge both nibbles
      000010 C4               [12]   18 	swap a								
      000011 22               [24]   19 	ret
                                     20 
      000012                         21 ahex2word:
      000012 12 00 00         [24]   22 	lcall ahex2byte
      000015 C0 E0            [24]   23 	push a								; store upper byte in stack
      000017 A3               [24]   24 	inc dptr
      000018 12 00 00         [24]   25 	lcall ahex2byte
      00001B D0 F0            [24]   26 	pop 0xf0							; pop upper byte onto b
      00001D 22               [24]   27 	ret									; return b:a
                                     28 
      00001E                         29 byte2ahex:
                                     30 	
                                     31 
      00001E 22               [24]   32 	ret
                                     33 
      00001F                         34 puthexnibble:
                                     35 	
      00001F 22               [24]   36 	ret
                                     37 
      000020                         38 puthexbyte:
                                     39 	
                                     40 
      000020 22               [24]   41 	ret
                                     42 
      000021                         43 get_hex_address:
      000021 E6               [12]   44 	mov a, @r0
      000022 12 00 00         [24]   45 	lcall asc2nibble
      000025 08               [12]   46 	inc r0
      000026 F5 F0            [12]   47 	mov b, a
      000028 E6               [12]   48 	mov a, @r0
      000029 12 00 00         [24]   49 	lcall asc2nibble
      00002C C4               [12]   50 	swap a
      00002D 54 F0            [12]   51 	anl a, #0xf0
      00002F 45 F0            [12]   52 	orl a, b
      000031 C4               [12]   53 	swap a
      000032 22               [24]   54 	ret
                                     55 
      000033                         56 skip_blanks:
      000033 E0               [24]   57 	movx a, @dptr
      000034 60 06            [24]   58 	jz skip_blanks_exit
      000036 B4 20 03         [24]   59 	cjne a, #' ', skip_blanks_exit
ASxxxx Assembler V02.00 + NoICE + SDCC mods  (Intel 8051)               Page 6
Hexadecimal [24-Bits]



      000039 A3               [24]   60 	inc dptr
      00003A 80 F7            [24]   61 	sjmp skip_blanks
      00003C                         62 skip_blanks_exit:
      00003C 22               [24]   63 	ret
                                     64 
      00003D                         65 println:
      00003D 74 0A            [12]   66 	mov a, #CR
      00003F 12 00 00         [24]   67 	lcall sys_putc
      000042 74 0D            [12]   68 	mov a, #LF
      000044 12 00 00         [24]   69 	lcall sys_putc
      000047 22               [24]   70 	ret
                                     71 
                                     72 ; prints tab(s)
      000048                         73 printtab:
      000048 74 09            [12]   74 	mov a, #TAB
      00004A 12 00 00         [24]   75 	lcall sys_putc
      00004D 22               [24]   76 	ret
                                     77 
                                     78 ; prints space(s)
      00004E                         79 printspc:
      00004E 74 20            [12]   80 	mov a, #' '
      000050 12 00 00         [24]   81 	lcall sys_putc
      000053 22               [24]   82 	ret
                                     83 
