ASxxxx Linker V03.00/V05.40 + sdld,  page 1.
Hexadecimal  [32-Bits]

Area                                    Addr        Size        Decimal Bytes (Attributes)
--------------------------------        ----        ----        ------- ----- ------------
.  .ABS.                            00000000    00000000 =           0. bytes (ABS,CON)

      Value  Global                              Global Defined In Module
      -----  --------------------------------   ------------------------
     00000000  .__.ABS.                           
     00000000  l_BIT_BANK                      
     00000000  l_BSEG                          
     00000000  l_BSEG_BYTES                    
     00000000  l_DSEG                          
     00000000  l_ISEG                          
     00000000  l_OSEG                          
     00000000  l_REG_BANK_0                    
     00000000  l_REG_BANK_1                    
     00000000  l_REG_BANK_2                    
     00000000  l_REG_BANK_3                    
     00000000  l_SSEG                          
     00000000  l__CODE                         
     00000000  s_BSEG                          
     00000000  s_DSEG                          
     00000000  s_REG_BANK_0                    
     00000000  s_VECTORS                       
     00000000  s_XSEG_UART_BUFFER              
     00000008  s_REG_BANK_1                    
     00000010  s_REG_BANK_2                    
     00000018  s_BIT_BANK                      
     00000018  s_ISEG                          
     00000018  s_OSEG                          
     00000018  s_REG_BANK_3                    
     00000018  s_SSEG                          
     00000020  s_BSEG_BYTES                    
     00000020  s__CODE                         
     00000026  l_VECTORS                       
     00000030  s_CSEG                          
     0000004C  l_XSEG                          
     00000100  l_IRAM                          
     00000100  l_XSEG_CMD_LINE_BUFFER          
     00000100  l_XSEG_UART_BUFFER              
     00000100  s_XSEG_CMD_LINE_BUFFER          
     00000200  s_XSEG                          
     000011F0  l_CSEG                          
ASxxxx Linker V03.00/V05.40 + sdld,  page 2.
Hexadecimal  [32-Bits]

Area                                    Addr        Size        Decimal Bytes (Attributes)
--------------------------------        ----        ----        ------- ----- ------------
CSEG                                00000030    000011F0 =        4592. bytes (REL,CON,CODE)

      Value  Global                              Global Defined In Module
      -----  --------------------------------   ------------------------
C:   00000030  print_sfr_table                    
C:   00000136  rand_init                          
C:   0000015E  rand                               
C:   00000190  get_seed                           
C:   00000199  sys_putc                           
C:   0000019C  sys_getc                           
C:   0000019F  sys_puts                           
C:   000001A2  sys_gets                           
C:   000001A5  sys_puts_xram                      
C:   000001A8  sys_serial_isr                     
C:   000001AB  sys_clrscrn                        
C:   000001AE  sys_rand                           
C:   000001B1  sys_init                           
C:   000001B8  sys_reset                          
C:   000001BC  cmd_line_parser_load               
C:   000001C9  cmd_line_parser_next_token         
C:   00000249  cmd_dispatcher_exec                
C:   0000025F  cmd_dispatcher_find                
C:   00000347  lcd_app                            
C:   00000348  pwm_app                            
C:   00000349  vt102_app                          
C:   0000034A  vt102_clear_screen                 
C:   00000351  vt102_line_to                      
C:   00000352  vt102_send_bs                      
C:   00000359  vt102_send_spc                     
C:   00000360  vt102_handle_BS                    
C:   00000386  ahex2byte                          
C:   00000398  ahex2word                          
C:   000003A7  get_hex_address                    
C:   000003B9  skip_blanks                        
C:   000003C3  println                            
C:   000003CE  printtab                           
C:   000003D4  printspc                           
C:   000003DA  do_help                            
C:   00000433  do_ls                              
C:   0000048E  do_reset                           
C:   0000049F  do_peek                            
C:   000004E4  do_poke                            
C:   00000527  do_dump                            
C:   000005BD  do_fill                            
C:   00000615  do_copy                            
C:   00000662  do_goto                            
C:   00000686  do_iram                            
C:   000006EE  do_sfr                             
C:   00000707  do_clear                           
C:   0000071A  do_write                           
C:   00000777  do_invalid                         
C:   00000784  do_load                            
C:   0000089E  do_test_rand                       
C:   000008D7  do_test_goto                       
ASxxxx Linker V03.00/V05.40 + sdld,  page 3.
Hexadecimal  [32-Bits]

Area                                    Addr        Size        Decimal Bytes (Attributes)
--------------------------------        ----        ----        ------- ----- ------------
CSEG                                00000030    000011F0 =        4592. bytes (REL,CON,CODE)

      Value  Global                              Global Defined In Module
      -----  --------------------------------   ------------------------
C:   000008E1  uart_init                          
C:   00000905  uart_rx_char                       
C:   0000094B  uart_tx_char                       
C:   00000953  uart_tx_asciz                      
C:   0000095F  uart_tx_asciz_xram                 
C:   00000969  uart_rx_asciz                      
C:   000009BF  uart_rx_isr                        
C:   00000A0E  return_uart_rx_buffer              
C:   00000A12  uart_rx_buffer_size                
C:   00000A20  strcmp                             
C:   00000A4A  strncmp                            
C:   00000A5B  memchr_c                           
C:   00000A75  memchr                             
C:   00000A8F  memcmp_c                           
C:   00000ABE  memcpy_c                           
C:   00000ADA  memset                             
C:   00000AE9  memcpy                             
C:   00000B09  print_logo                         
C:   00000B10  g51_logo                           
C:   00000D34  nibble2asc                         
C:   00000D41  byte2asc                           
C:   00000D51  hex2asc                            
C:   00000D61  asc2byte                           
C:   00000D6F  asc2nibble                         
C:   00000D7D  title_str                          
C:   00000DA1  newline_str                        
C:   00000DA4  command_prompt_str                 
C:   0000105B  help_table                         
C:   00001093  help_txt                           
C:   00001098  ls_txt                             
C:   0000109B  peek_txt                           
C:   000010A0  poke_txt                           
C:   000010A5  dump_txt                           
C:   000010AA  clear_txt                          
C:   000010B0  reset_txt                          
C:   000010B6  fill_txt                           
C:   000010BB  copy_txt                           
C:   000010C0  goto_txt                           
C:   000010C5  iram_txt                           
C:   000010CA  sfr_txt                            
C:   000010CE  write_txt                          
C:   000010D4  msg_err                            
C:   000011C7  app_table                          
ASxxxx Linker V03.00/V05.40 + sdld,  page 4.
Hexadecimal  [32-Bits]

Area                                    Addr        Size        Decimal Bytes (Attributes)
--------------------------------        ----        ----        ------- ----- ------------
XSEG                                00000200    0000004C =          76. bytes (REL,CON,XDATA)

      Value  Global                              Global Defined In Module
      -----  --------------------------------   ------------------------
D:   00000238  uart_rx_buffer_head                
D:   00000239  uart_rx_buffer_tail                

ASxxxx Linker V03.00/V05.40 + sdld,  page 5.
Hexadecimal  [32-Bits]

Area                                    Addr        Size        Decimal Bytes (Attributes)
--------------------------------        ----        ----        ------- ----- ------------
XSEG_UART_BUFFER                    00000000    00000100 =         256. bytes (REL,CON,PAG,XDATA)

      Value  Global                              Global Defined In Module
      -----  --------------------------------   ------------------------
ASxxxx Linker V03.00/V05.40 + sdld,  page 6.
Hexadecimal  [32-Bits]

Area                                    Addr        Size        Decimal Bytes (Attributes)
--------------------------------        ----        ----        ------- ----- ------------
XSEG_CMD_LINE_BUFFER                00000100    00000100 =         256. bytes (REL,CON,PAG,XDATA)

      Value  Global                              Global Defined In Module
      -----  --------------------------------   ------------------------
D:   00000100  uart_rx_buffer                     

ASxxxx Linker V03.00/V05.40 + sdld,  page 7.
Hexadecimal  [32-Bits]

Area                                    Addr        Size        Decimal Bytes (Attributes)
--------------------------------        ----        ----        ------- ----- ------------
VECTORS                             00000000    00000026 =          38. bytes (REL,CON,CODE)

      Value  Global                              Global Defined In Module
      -----  --------------------------------   ------------------------
ASxxxx Linker V03.00/V05.40 + sdld,  page 8.

Files Linked                              [ module(s) ]

bin/sfr.rel                               [  ]
bin/math.rel                              [  ]
bin/bios.rel                              [  ]
bin/cmd_line_parser.rel                   [  ]
bin/cmd_dispatch.rel                      [  ]
bin/apps.rel                              [  ]
bin/vt102.rel                             [  ]
bin/conio.rel                             [  ]
bin/commands.rel                          [  ]
bin/uart.rel                              [  ]
bin/string.rel                            [  ]
bin/logo.rel                              [  ]
bin/ascii.rel                             [  ]
bin/constants.rel                         [  ]
bin/g51.rel                               [  ]

ASxxxx Linker V03.00/V05.40 + sdld,  page 9.

User Base Address Definitions

VECTORS=0x0000
CSEG=0x0030
XSEG=0x0200
XSEG_UART_BUFFER=0x0000
XSEG_CMD_LINE_BUFFER=0x0100

