ASxxxx Assembler V02.00 + NoICE + SDCC mods  (Intel 8051)               Page 1
Hexadecimal [24-Bits]



                                      1 .include "constants.inc"
                           000009     1 TAB			.equ		0x09
                           000000     2 NULL 		.equ		0x00 
                           000008     3 BS 			.equ		0x08
                           000020     4 SPC			.equ		0x20
                           00000A     5 CR			.equ		0x0a
                           00000D     6 LF			.equ		0x0d
                           00007F     7 DEL			.equ		0x7f
                                      8 
                                      9 .globl title_str
                                     10 .globl newline_str
                                     11 .globl command_prompt_str
                                     12 .globl help_table
                                     13 .globl app_table
                                     14 .globl help_txt
                                     15 .globl ls_txt
                                     16 .globl peek_txt
                                     17 .globl poke_txt
                                     18 .globl clear_txt
                                     19 .globl reset_txt
                                     20 .globl write_txt
                                     21 .globl dump_txt
                                     22 .globl fill_txt
                                     23 .globl copy_txt
                                     24 .globl goto_txt
                                     25 .globl iram_txt
                                     26 .globl sfr_txt
                                     27 .globl msg_err
                                     28 
ASxxxx Assembler V02.00 + NoICE + SDCC mods  (Intel 8051)               Page 2
Hexadecimal [24-Bits]



                                      2 .include "string.inc"
                                      1 ; finds character c in the first n bytes of a memory buffer in program memory
                                      2 ; --> r6,r7: address of memory buffer
                                      3 ; --> r5: 	character for which to search
                                      4 ; --> r4:	how many bytes at which to look
                                      5 ; <-- r6,r7: address at which character was found, otherwise NULL
                                      6 ; <-- c: clear if found, otherwise set
                                      7 .globl memchr_c
                                      8 
                                      9 ; finds character c in the first n bytes of a memory buffer in data memory
                                     10 ; --> r6,r7: address of memory buffer
                                     11 ; --> r5: 	character for which to search
                                     12 ; --> r4:	how many bytes at which to look
                                     13 ; <-- r6,r7: address at which character was found, otherwise NULL
                                     14 .globl memchr
                                     15 
                                     16 ; compares the first n bytes of two blocks of memory, one of which is in program memory
                                     17 ; --> r6, r7: 	address of block of memory in program memory
                                     18 ; --> r4, r5: 	address of block of memory in data memory
                                     19 ; --> r3: 		how many bytes to compare
                                     20 ; <-- r7:		0 if equal, -1 if first block is less than second block, otherwise 1
                                     21 
                                     22 .globl memcmp_c
                                     23 
                                     24 ; copies n bytes from one memory block to another, one of which resides in program memory
                                     25 ; --> r6, r7: address of source memory block in program memory
                                     26 ; --> r4, r5: address of destination memory block in data memory
                                     27 ; --> r3: 	  how many bytes to copy
                                     28 
                                     29 .globl memcpy_c
                                     30 
                                     31 ; initializes a memory block with a specific byte
                                     32 ; --> r6, r7: address of memory block
                                     33 ; --> r5: length of memory block
                                     34 ; --> r4: byte to fill the block
                                     35 
                                     36 .globl memset
                                     37 
                                     38 ; moves a memory block from one location to another
                                     39 ; --> r6, r7: address of source memory block
                                     40 ; --> r4, r5: address of destination memory block
                                     41 ; --> r3: how many bytes to move
                                     42 .globl memcpy
                                     43 
                                     44 .globl strncmp
                                     45 
                                     46 .globl strcmp
                                     47 
ASxxxx Assembler V02.00 + NoICE + SDCC mods  (Intel 8051)               Page 3
Hexadecimal [24-Bits]



                                      3 
                                      4 .area CSEG (CODE)
                                      5 
                                      6 ; compares two null terminated strings
                                      7 ; --> dptr		string in cseg
                                      8 ; --> R7:R6		string in xseg
                                      9 ; <-- C			set if equal, otherwise clear
      000000                         10 strcmp:
      000000                         11 strcmp_loop:
      000000 E4               [12]   12 	clr a
      000001 93               [24]   13 	movc a, @a + dptr				; read char
      000002 F5 F0            [12]   14 	mov b, a						; save char read
      000004 C0 82            [24]   15 	push dpl						; backup address of code segment string
      000006 C0 83            [24]   16 	push dph
      000008 8F 83            [24]   17 	mov dph, R7						; load address of xseg string
      00000A 8E 82            [24]   18 	mov dpl, R6
      00000C E0               [24]   19 	movx a, @dptr					; read char
      00000D 65 F0            [12]   20 	xrl a, b						; evaluate to zero if equal
      00000F 70 10            [24]   21 	jnz strcmp_no_match				; not zero so no match
      000011 E5 F0            [12]   22 	mov a, b						; check if b is also zero
      000013 60 0F            [24]   23 	jz strcmp_match					; both null char so match, exit
      000015 A3               [24]   24 	inc dptr						; increment R7:R6 pointer
      000016 AF 83            [24]   25 	mov R7, dph						; save in registers
      000018 AE 82            [24]   26 	mov R6, dpl
      00001A D0 83            [24]   27 	pop dph							; restore code segment string
      00001C D0 82            [24]   28 	pop dpl
      00001E A3               [24]   29 	inc dptr						; increment pointer
      00001F 80 DF            [24]   30 	sjmp strcmp_loop				; check next character
      000021                         31 strcmp_no_match:
      000021 C3               [12]   32 	clr c
      000022 80 01            [24]   33     sjmp strcmp_cleanup
      000024                         34 strcmp_match:
      000024 D3               [12]   35 	setb c
      000025                         36 strcmp_cleanup:
      000025 D0 83            [24]   37 	pop dph
      000027 D0 82            [24]   38 	pop dpl
      000029 22               [24]   39 	ret
                                     40 
      00002A                         41 strncmp:
                                     42 				; counter
      00002A                         43 strncmp_loop:
      00002A E4               [12]   44     CLR A
      00002B 93               [24]   45     MOVC A, @A+DPTR     ; Get char from CODE
      00002C F5 F0            [12]   46     MOV B, A            ; Store in B
      00002E E6               [12]   47     MOV A, @R0          ; Get char from RAM
      00002F B5 F0 06         [24]   48     CJNE A, B, strncmp_no_match ; Compare
      000032 08               [12]   49     INC R0
      000033 A3               [24]   50     INC DPTR
      000034 DA F4            [24]   51 	djnz r2, strncmp_loop
                                     52     
      000036                         53 strncmp_match:
      000036 E4               [12]   54     CLR A               ; Return 0
      000037 22               [24]   55     RET
      000038                         56 strncmp_no_match:
      000038 74 01            [12]   57     MOV A, #0x01        ; Return 1
ASxxxx Assembler V02.00 + NoICE + SDCC mods  (Intel 8051)               Page 4
Hexadecimal [24-Bits]



      00003A 22               [24]   58     RET
                                     59 
                                     60 ; finds character c in the first n bytes of a memory buffer in program memory
                                     61 ; --> r6,r7: address of memory buffer
                                     62 ; --> r5: 	character for which to search
                                     63 ; --> r4:	how many bytes at which to look
                                     64 ; <-- r6,r7: address at which character was found, otherwise NULL
                                     65 ; <-- c: clear if found, otherwise set
      00003B                         66 memchr_c:
      00003B 8E 83            [24]   67 	mov dph, r6
      00003D 8F 82            [24]   68 	mov dpl, r7
      00003F                         69 memchr_loop_c:
      00003F E4               [12]   70 	clr a
      000040 93               [24]   71 	movc a, @a + dptr
      000041 C3               [12]   72 	clr c
      000042 9D               [12]   73 	subb a, r5
      000043 70 04            [24]   74 	jnz memchr_no_match_c
      000045 DC F8            [24]   75 	djnz r4, memchr_loop_c
      000047 80 06            [24]   76 	sjmp memchr_match_c
      000049                         77 memchr_no_match_c:
      000049 7E 00            [12]   78 	mov r6, #0x00
      00004B 7F 00            [12]   79 	mov r7, #0x00
      00004D D3               [12]   80 	setb c
      00004E 22               [24]   81 	ret
      00004F                         82 memchr_match_c:
      00004F AE 83            [24]   83 	mov r6, dph
      000051 AF 82            [24]   84 	mov r7, dpl
      000053 C3               [12]   85 	clr c
      000054 22               [24]   86 	ret
                                     87 
                                     88 ; finds character c in the first n bytes of a memory buffer in data memory
                                     89 ; --> r6,r7: address of memory buffer
                                     90 ; --> r5: 	character for which to search
                                     91 ; --> r4:	how many bytes at which to look
                                     92 ; <-- r6,r7: address at which character was found, otherwise NULL
      000055                         93 memchr:
      000055 8E 83            [24]   94 	mov dph, r6
      000057 8F 82            [24]   95 	mov dpl, r7
      000059                         96 memchr_loop:
      000059 E4               [12]   97 	clr a
      00005A E0               [24]   98 	movx a, @dptr
      00005B 60 0D            [24]   99 	jz memchr_match
      00005D C3               [12]  100 	clr c
      00005E 9D               [12]  101 	subb a, r5
      00005F 70 04            [24]  102 	jnz memchr_no_match
      000061 DC F6            [24]  103 	djnz r4, memchr_loop
      000063 80 05            [24]  104 	sjmp memchr_match
      000065                        105 memchr_no_match:
      000065 7E 00            [12]  106 	mov r6, #0x00
      000067 7F 00            [12]  107 	mov r7, #0x00
      000069 22               [24]  108 	ret
      00006A                        109 memchr_match:
      00006A AE 83            [24]  110 	mov r6, dph
      00006C AF 82            [24]  111 	mov r7, dpl
      00006E 22               [24]  112 	ret
ASxxxx Assembler V02.00 + NoICE + SDCC mods  (Intel 8051)               Page 5
Hexadecimal [24-Bits]



                                    113 
                                    114 ; compares the first n bytes of two blocks of memory, one of which is in program memory
                                    115 ; --> r6, r7: 	address of block of memory in program memory
                                    116 ; --> r4, r5: 	address of block of memory in data memory
                                    117 ; --> r3: 		how many bytes to compare
                                    118 ; <-- r7:		0 if equal, -1 if first block is less than second block, otherwise 1
                                    119 
      00006F                        120 memcmp_c:
      00006F 8E 83            [24]  121 	mov dph, r6
      000071 8F 82            [24]  122 	mov dpl, r7
      000073                        123 memcmp_loop_c:
      000073 E4               [12]  124 	clr a
      000074 93               [24]  125 	movc a, @a + dptr 
      000075 F5 F0            [12]  126 	mov b, a
      000077 A3               [24]  127 	inc dptr
      000078 AE 83            [24]  128 	mov r6, dph
      00007A AF 82            [24]  129 	mov r7, dpl
      00007C 8C 83            [24]  130 	mov dph, r4
      00007E 8D 82            [24]  131 	mov dpl, r5
      000080 E0               [24]  132 	movx a, @dptr
      000081 C3               [12]  133 	clr c
      000082 95 F0            [12]  134 	subb a, b
      000084 70 0D            [24]  135 	jnz memcmp_no_match_c
      000086 DB EB            [24]  136 	djnz r3, memcmp_loop_c
      000088 A3               [24]  137 	inc dptr
      000089 AC 83            [24]  138 	mov r4, dph
      00008B AD 82            [24]  139 	mov r5, dpl
      00008D 8E 83            [24]  140 	mov dph, r6
      00008F 8F 82            [24]  141 	mov dpl, r7
      000091 80 08            [24]  142 	sjmp memcmp_match_c
      000093                        143 memcmp_no_match_c:
      000093 40 03            [24]  144 	jc memcmp_no_match_less_c
      000095 7F 01            [12]  145 	mov r7, #0x01
      000097 22               [24]  146 	ret
      000098                        147 memcmp_no_match_less_c:
      000098 7F FF            [12]  148 	mov r7, #0xff
      00009A 22               [24]  149 	ret
      00009B                        150 memcmp_match_c:
      00009B 7F 00            [12]  151 	mov r7, #0x00
      00009D 22               [24]  152 	ret
                                    153 
                                    154 ; copies n bytes from one memory block to another, one of which resides in program memory
                                    155 ; --> r6, r7: address of source memory block in program memory
                                    156 ; --> r4, r5: address of destination memory block in data memory
                                    157 ; --> r3: 	  how many bytes to copy
                                    158 
      00009E                        159 memcpy_c:
      00009E                        160 memcpy_c_loop:
      00009E 8E 83            [24]  161 	mov dph, r6
      0000A0 8F 82            [24]  162 	mov dpl, r7
      0000A2 E4               [12]  163 	clr a
      0000A3 93               [24]  164 	movc a, @a + dptr
      0000A4 F5 F0            [12]  165 	mov b, a
      0000A6 A3               [24]  166 	inc dptr
      0000A7 AE 83            [24]  167 	mov r6, dph
ASxxxx Assembler V02.00 + NoICE + SDCC mods  (Intel 8051)               Page 6
Hexadecimal [24-Bits]



      0000A9 AF 82            [24]  168 	mov r7, dpl
      0000AB 8C 83            [24]  169 	mov dph, r4 
      0000AD 8D 82            [24]  170 	mov dpl, r5
      0000AF E5 F0            [12]  171 	mov a, b
      0000B1 F0               [24]  172 	movx @dptr, a
      0000B2 A3               [24]  173 	inc dptr
      0000B3 AC 83            [24]  174 	mov r4, dph
      0000B5 AD 82            [24]  175 	mov r5, dpl
      0000B7 DB E5            [24]  176 	djnz r3, memcpy_c_loop
                                    177 
      0000B9 22               [24]  178 	ret
                                    179 
                                    180 ; initializes a memory block with a specific byte
                                    181 ; --> dptr: address of memory block
                                    182 ; --> r7:r6: length of memory block
                                    183 ; --> r5: byte to fill the block
      0000BA                        184 memset:
      0000BA EE               [12]  185 	mov a, r6					; check for length = 0
      0000BB 4F               [12]  186 	orl a, r7
      0000BC 60 0A            [24]  187 	jz memset_exit				; both r6 and r7 are zero, exit
                                    188 
      0000BE ED               [12]  189 	mov a, r5
      0000BF F0               [24]  190 	movx @dptr, a				; copy next char
      0000C0 A3               [24]  191 	inc dptr
                                    192 	
      0000C1 1E               [12]  193 	dec r6
      0000C2 BE FF 01         [24]  194 	cjne r6, #0xff, memset_skip_dec_r7
      0000C5 1F               [12]  195 	dec r7
      0000C6                        196 memset_skip_dec_r7:
      0000C6 80 F2            [24]  197 	sjmp memset
                                    198 
      0000C8                        199 memset_exit:
      0000C8 22               [24]  200 	ret
                                    201 
                                    202 ; moves a memory block from one location to another
                                    203 ; --> dptr:		address of source memory block
                                    204 ; --> r7:r6:	address of destination memory block
                                    205 ; --> r5:r4:	how many bytes to copy
      0000C9                        206 memcpy:
      0000C9 EC               [12]  207 	mov a, r4
      0000CA 4D               [12]  208 	orl a, r5
      0000CB 60 1B            [24]  209 	jz memcpy_exit
                                    210 
      0000CD E0               [24]  211 	movx a, @dptr
      0000CE A3               [24]  212 	inc dptr
      0000CF C0 82            [24]  213 	push dpl
      0000D1 C0 83            [24]  214 	push dph
      0000D3 8F 83            [24]  215 	mov dph, r7
      0000D5 8E 82            [24]  216 	mov dpl, r6
      0000D7 F0               [24]  217 	movx @dptr, a
      0000D8 A3               [24]  218 	inc dptr
      0000D9 AF 83            [24]  219 	mov r7, dph
      0000DB AE 82            [24]  220 	mov r6, dpl
      0000DD D0 83            [24]  221 	pop dph
      0000DF D0 82            [24]  222 	pop dpl
ASxxxx Assembler V02.00 + NoICE + SDCC mods  (Intel 8051)               Page 7
Hexadecimal [24-Bits]



                                    223 	
      0000E1 1C               [12]  224 	dec r4
      0000E2 BC FF 01         [24]  225 	cjne r4, #0xff, memcpy_skip_dec_r5 
      0000E5 1D               [12]  226 	dec r5
      0000E6                        227 memcpy_skip_dec_r5:
      0000E6 80 E1            [24]  228 	sjmp memcpy
      0000E8                        229 memcpy_exit:
      0000E8 22               [24]  230 	ret
                                    231 
