ASxxxx Assembler V02.00 + NoICE + SDCC mods  (Intel 8051)               Page 1
Hexadecimal [24-Bits]



                                      1 .include "uart.inc"
                                      1 .globl uart_init
                                      2 
                                      3 ; receives a character via serial line
                                      4 ; ==> none
                                      5 ; <== a: character received
                                      6 .globl uart_rx_char
                                      7 
                                      8 ; sends a character via serial line
                                      9 ; ==> a:	character to send
                                     10 ; <== none
                                     11 .globl uart_tx_char
                                     12 
                                     13 ; sends an null-terminated string via serial line
                                     14 ; ==> dptr: address of string
                                     15 ; <== none
                                     16 .globl uart_tx_asciz
                                     17 
                                     18 ; receives a null-terminated string via serial line
                                     19 ; ==> none
                                     20 ; <== dptr: address of received string
                                     21 .globl uart_rx_asciz
                                     22 
                                     23 .globl uart_rx_isr
                                     24 
                                     25 .globl return_uart_rx_buffer
                                     26 
                                     27 .globl uart_rx_buffer_size
                                     28 
                                     29 .globl uart_tx_asciz_xram
ASxxxx Assembler V02.00 + NoICE + SDCC mods  (Intel 8051)               Page 2
Hexadecimal [24-Bits]



                                      2 .include "constants.inc"
                           000009     1 TAB			.equ		0x09
                           000000     2 NULL 		.equ		0x00 
                           000008     3 BS 			.equ		0x08
                           000020     4 SPC			.equ		0x20
                           00000A     5 CR			.equ		0x0a
                           00000D     6 LF			.equ		0x0d
                           00007F     7 DEL			.equ		0x7f
                                      8 
                                      9 .globl title_str
                                     10 .globl newline_str
                                     11 .globl command_prompt_str
                                     12 .globl help_table
                                     13 .globl app_table
                                     14 .globl help_txt
                                     15 .globl ls_txt
                                     16 .globl peek_txt
                                     17 .globl poke_txt
                                     18 .globl clear_txt
                                     19 .globl reset_txt
                                     20 .globl write_txt
                                     21 .globl dump_txt
                                     22 .globl fill_txt
                                     23 .globl copy_txt
                                     24 .globl goto_txt
                                     25 .globl iram_txt
                                     26 .globl sfr_txt
                                     27 .globl msg_err
                                     28 
ASxxxx Assembler V02.00 + NoICE + SDCC mods  (Intel 8051)               Page 3
Hexadecimal [24-Bits]



                                      3 .include "vt102.inc"
                                      1 
                           00001B     2 VT102_ESC			.equ		0x1b
                                      3 
                                      4 .globl vt102_clear_screen
                                      5 
                                      6 ; draws a line from the current position to a destination
                                      7 ; --> r7: row of end of line
                                      8 ; --> r6: col of end of line
                                      9 .globl vt102_line_to
                                     10 
                                     11 .globl vt102_send_bs
                                     12 
                                     13 .globl vt102_send_spc
                                     14 
                                     15 .globl vt102_handle_BS
ASxxxx Assembler V02.00 + NoICE + SDCC mods  (Intel 8051)               Page 4
Hexadecimal [24-Bits]



                                      4 
                                      5 .area CSEG (CODE)
                                      6 
      000000                          7 uart_init:
      000000 53 89 0F         [24]    8     anl tmod, #0x0f					; Clear Timer 1 mode bits
      000003 43 89 20         [24]    9     orl tmod, #0x20					; Set Timer 1 to Mode 2 (8-bit auto-reload)
                                     10     
      000006 75 8D FF         [24]   11     mov th1, #0xff                 ; 57600 bps at 11.0592 MHz
                                     12 	;mov th1, #0xfa					; 19200 bps
                                     13 	;mov th1, #0xfd					; 9600 bps
                                     14     
      000009 43 87 80         [24]   15     orl pcon, #0x80					; Set SMOD to 1 (Doubles the baud rate generation)
                                     16     
      00000C 75 98 50         [24]   17     mov scon, #0x50					; Mode 1 (8-bit UART), ENABLE receiver (REN=1)
      00000F D2 8E            [12]   18     setb tr1                        ; Start Timer 1
                                     19     
                                     20     ;setb ti                        ; set transmitter 'ready'
                                     21 
      000011 74 00            [12]   22 	mov a, #0x00
      000013 90 00 00         [24]   23 	mov dptr, #uart_rx_buffer_head
      000016 F0               [24]   24 	movx @dptr, a
      000017 90 00 01         [24]   25 	mov dptr,#uart_rx_buffer_tail
      00001A F0               [24]   26 	movx @dptr, a
      00001B 90 00 02         [24]   27 	mov dptr, #uart_rx_buffer_count
      00001E F0               [24]   28 	movx @dptr, a
      00001F 90 00 03         [24]   29 	mov dptr, #uart_rx_xoff_sent
      000022 F0               [24]   30 	movx @dptr, a
                                     31 
      000023 22               [24]   32     ret
                                     33 
                                     34 ;uart_rx_char:
                                     35 ;	jnb ri, uart_rx_char			; wait for character to arrive
                                     36 ;	clr ri							; clear receiveer
                                     37 ;	mov a, sbuf						; get character
                                     38 ;	ret
                                     39 
      000024                         40 uart_rx_char:
      000024 C0 82            [24]   41 	push dpl
      000026 C0 83            [24]   42 	push dph
                                     43 	; if buffer is not empty, process char
      000028 90 00 00         [24]   44 	mov dptr, #uart_rx_buffer_head
      00002B E0               [24]   45 	movx a, @dptr
      00002C F5 F0            [12]   46 	mov b, a							; save buffer head for later use
      00002E                         47 uart_rx_wait_loop:
      00002E 90 00 01         [24]   48 	mov dptr, #uart_rx_buffer_tail
      000031 E0               [24]   49 	movx a, @dptr						; read value of buffer tail
      000032 B5 F0 02         [24]   50 	cjne a, b, uart_rx_process_char		; compare to buffer head, if not the same then there is a char
      000035 80 F7            [24]   51 	sjmp uart_rx_wait_loop				; otherwise loop back and wait for char
      000037                         52 uart_rx_process_char:
                                     53 	; process char, store in a
      000037 90 00 00         [24]   54 	mov dptr, #uart_rx_buffer
      00003A E5 F0            [12]   55 	mov a, b							; restore buffer head
      00003C 25 82            [12]   56 	add a, dpl							; add head to buffer
      00003E 50 02            [24]   57 	jnc uart_rx_char_skip_dph
      000040 05 83            [12]   58 	inc dph
ASxxxx Assembler V02.00 + NoICE + SDCC mods  (Intel 8051)               Page 5
Hexadecimal [24-Bits]



      000042                         59 uart_rx_char_skip_dph:
      000042 F5 82            [12]   60 	mov dpl, a							; dptr contains address of char at buffer + head
      000044 E0               [24]   61 	movx a, @dptr						; retrieve character from buffer
      000045 C0 E0            [24]   62 	push acc							; save char
                                     63 	; advance buffer head
      000047 E5 F0            [12]   64 	mov a, b							; b still contains buffer head
      000049 04               [12]   65 	inc a
      00004A 90 00 00         [24]   66 	mov dptr, #uart_rx_buffer_head
      00004D F0               [24]   67 	movx @dptr, a		
      00004E 90 00 02         [24]   68 	mov dptr, #uart_rx_buffer_count
      000051 E0               [24]   69 	movx a, @dptr
      000052 14               [12]   70 	dec a
      000053 F0               [24]   71 	movx @dptr, a
      000054 B4 40 0C         [24]   72 	cjne a, #64, uart_rx_char_exit
      000057 90 00 03         [24]   73 	mov dptr, #uart_rx_xoff_sent
      00005A E0               [24]   74 	movx a, @dptr
      00005B 60 06            [24]   75 	jz uart_rx_char_exit
      00005D 75 99 11         [24]   76 	mov sbuf, #0x011					; send xon
      000060 74 00            [12]   77 	mov a, #0x00						; clear xoff sent flag
      000062 F0               [24]   78 	movx @dptr, a
      000063                         79 uart_rx_char_exit:
      000063 D0 E0            [24]   80 	pop acc								; restore retrieved char
      000065 D0 83            [24]   81 	pop dph
      000067 D0 82            [24]   82 	pop dpl
      000069 22               [24]   83 	ret
                                     84 
      00006A                         85 uart_tx_char:
      00006A F5 99            [12]   86 	mov sbuf, a
      00006C                         87 uart_tx_char_here:
      00006C 30 99 FD         [24]   88 	jnb ti, uart_tx_char_here
      00006F C2 99            [12]   89 	clr ti
      000071 22               [24]   90 	ret
                                     91 
      000072                         92 uart_tx_asciz:
      000072 74 00            [12]   93 	mov a, #0x00	
      000074 93               [24]   94 	movc a, @a + dptr
      000075 60 06            [24]   95 	jz uart_tx_asciz_exit
      000077 12 00 6A         [24]   96 	lcall uart_tx_char
      00007A A3               [24]   97 	inc dptr
      00007B 80 F5            [24]   98 	sjmp uart_tx_asciz
      00007D                         99 uart_tx_asciz_exit:
      00007D 22               [24]  100 	ret
                                    101 
      00007E                        102 uart_tx_asciz_xram:
      00007E E0               [24]  103 	movx a, @dptr
      00007F 60 06            [24]  104 	jz uart_tx_asciz_xram_exit
      000081 12 00 6A         [24]  105 	lcall uart_tx_char
      000084 A3               [24]  106 	inc dptr
      000085 80 F7            [24]  107 	sjmp uart_tx_asciz_xram
      000087                        108 uart_tx_asciz_xram_exit:
      000087 22               [24]  109 	ret
                                    110 
      000088                        111 uart_rx_asciz:
      000088 AF 83            [24]  112 	mov R7, dph
      00008A AE 82            [24]  113 	mov R6, dpl									; save start of buffer for empty check later
ASxxxx Assembler V02.00 + NoICE + SDCC mods  (Intel 8051)               Page 6
Hexadecimal [24-Bits]



      00008C                        114 uart_rx_asciz_loop:
      00008C 12 00 24         [24]  115 	lcall uart_rx_char
      00008F F5 F0            [12]  116 	mov b, a									; make copy of it, next statements destroy char in a
      000091 60 47            [24]  117 	jz uart_rx_asciz_exit						; if NULL then exit
      000093 64 0D            [12]  118 	xrl a, #0x0d
      000095 60 43            [24]  119 	jz uart_rx_asciz_exit						; if CR then exit
      000097 E5 F0            [12]  120 	mov a, b									; restore copy of char
      000099 64 0A            [12]  121 	xrl a, #0x0a
      00009B 60 3D            [24]  122 	jz uart_rx_asciz_exit						; if LF then exit
      00009D E5 F0            [12]  123 	mov a, b
      00009F 64 08            [12]  124 	xrl a, #BS									; check for BS
      0000A1 70 02            [24]  125 	jnz uart_rx_asciz_process_del
      0000A3 80 06            [24]  126 	sjmp uart_rx_asciz_process_del_or_bs
      0000A5                        127 uart_rx_asciz_process_del:
      0000A5 E5 F0            [12]  128 	mov a, b
      0000A7 64 7F            [12]  129 	xrl a, #DEL
      0000A9 70 26            [24]  130 	jnz uart_rx_asciz_process_char
      0000AB                        131 uart_rx_asciz_process_del_or_bs:
      0000AB E5 83            [12]  132 	mov a, dph
      0000AD B5 07 07         [24]  133 	cjne a, 0x07, process_bs_or_del
      0000B0 E5 82            [12]  134 	mov a, dpl
      0000B2 B5 06 02         [24]  135 	cjne a, 0x06, process_bs_or_del
      0000B5 80 D5            [24]  136 	sjmp uart_rx_asciz_loop
      0000B7                        137 process_bs_or_del:
      0000B7 E5 82            [12]  138 	mov a, dpl
      0000B9 C3               [12]  139 	clr c
      0000BA 94 01            [12]  140 	subb a, #0x01
      0000BC F5 82            [12]  141 	mov dpl, a
      0000BE E5 83            [12]  142 	mov a, dph
      0000C0 94 00            [12]  143 	subb a, #0x00
      0000C2 F5 83            [12]  144 	mov dph, a
      0000C4 C0 82            [24]  145 	push dpl
      0000C6 C0 83            [24]  146 	push dph
      0000C8 12 00 00         [24]  147 	lcall vt102_handle_BS
      0000CB D0 83            [24]  148 	pop dph
      0000CD D0 82            [24]  149 	pop dpl
      0000CF 80 BB            [24]  150 	sjmp uart_rx_asciz_loop
      0000D1                        151 uart_rx_asciz_process_char:
      0000D1 E5 F0            [12]  152 	mov a, b
      0000D3 F0               [24]  153 	movx @dptr, a								; not NULL, CR or LF, keep it
      0000D4 A3               [24]  154 	inc dptr
      0000D5 12 00 6A         [24]  155 	lcall uart_tx_char							; echo char
      0000D8 80 B2            [24]  156 	sjmp uart_rx_asciz_loop
      0000DA                        157 uart_rx_asciz_exit:
      0000DA 74 00            [12]  158 	mov a, #0x00								; the last character must be NULL
      0000DC F0               [24]  159 	movx @dptr, a
      0000DD 22               [24]  160 	ret
                                    161 
      0000DE                        162 uart_rx_isr:
      0000DE C0 E0            [24]  163 	push acc
      0000E0 C0 F0            [24]  164 	push b
      0000E2 C0 D0            [24]  165 	push psw
      0000E4 C0 82            [24]  166 	push dpl
      0000E6 C0 83            [24]  167 	push dph
      0000E8 E8               [12]  168 	mov a, r0
ASxxxx Assembler V02.00 + NoICE + SDCC mods  (Intel 8051)               Page 7
Hexadecimal [24-Bits]



      0000E9 C0 E0            [24]  169 	push acc
      0000EB 20 98 02         [24]  170 	jb ri, uart_rx_handler
                                    171 	;jbc ti, uart_rx_isr_exit
      0000EE 80 2F            [24]  172 	sjmp uart_rx_isr_exit
      0000F0                        173 uart_rx_handler:
      0000F0 C2 98            [12]  174 	clr ri
      0000F2 E5 99            [12]  175 	mov a, sbuf							; retrieve received character
      0000F4 F5 F0            [12]  176 	mov b, a							; save it for later
      0000F6 90 00 01         [24]  177 	mov dptr, #uart_rx_buffer_tail
      0000F9 E0               [24]  178 	movx a, @dptr						; get tail position
      0000FA F8               [12]  179 	mov r0, a							; save buffer tail value
      0000FB 04               [12]  180 	inc a								; increment current buffer tail value
      0000FC F0               [24]  181 	movx @dptr, a						; save it back
      0000FD 90 00 00         [24]  182 	mov dptr, #uart_rx_buffer			; get address of rx buffer
      000100 E8               [12]  183 	mov a, r0							; restore buffer tail value
      000101 25 82            [12]  184 	add a, dpl							; add buffer tail value to buffer address
      000103 50 02            [24]  185 	jnc uart_rx_isr_skip_dph
      000105 05 83            [12]  186 	inc dph
      000107                        187 uart_rx_isr_skip_dph:
      000107 F5 82            [12]  188 	mov dpl, a
      000109 E5 F0            [12]  189 	mov a, b							; restore character received
      00010B F0               [24]  190 	movx @dptr, a						; copy character to buffer
      00010C 90 00 02         [24]  191 	mov dptr, #uart_rx_buffer_count		; increment buffer count
      00010F E0               [24]  192 	movx a, @dptr
      000110 04               [12]  193 	inc a
      000111 F0               [24]  194 	movx @dptr, a
      000112 B4 C0 0A         [24]  195 	cjne a, #192, uart_rx_isr_exit		; buffer is not quite full yet
      000115 74 13            [12]  196 	mov a, #0x13						; send xoff
      000117 F5 99            [12]  197 	mov sbuf, a
      000119 90 00 03         [24]  198 	mov dptr, #uart_rx_xoff_sent		; set xoff sent flag
      00011C 74 01            [12]  199 	mov a, #0x01
      00011E F0               [24]  200 	movx @dptr, a
      00011F                        201 uart_rx_isr_exit:
      00011F D0 E0            [24]  202 	pop acc
      000121 F8               [12]  203 	mov r0, a
      000122 D0 83            [24]  204 	pop dph
      000124 D0 82            [24]  205 	pop dpl
      000126 D0 D0            [24]  206 	pop psw
      000128 D0 F0            [24]  207 	pop b
      00012A D0 E0            [24]  208 	pop acc
      00012C 32               [24]  209 	reti
                                    210 
      00012D                        211 return_uart_rx_buffer:
      00012D 90 00 00         [24]  212 	mov dptr, #uart_rx_buffer
      000130 22               [24]  213 	ret
                                    214 
      000131                        215 uart_rx_buffer_size:
      000131 90 00 01         [24]  216 	mov dptr, #uart_rx_buffer_tail
      000134 E0               [24]  217 	movx a, @dptr
      000135 F5 F0            [12]  218 	mov b, a
      000137 90 00 00         [24]  219 	mov dptr, #uart_rx_buffer_head
      00013A E0               [24]  220 	movx a, @dptr
      00013B C3               [12]  221 	clr c
      00013C 95 F0            [12]  222 	subb a, b
      00013E 22               [24]  223 	ret
ASxxxx Assembler V02.00 + NoICE + SDCC mods  (Intel 8051)               Page 8
Hexadecimal [24-Bits]



                                    224 	
                                    225 .area XSEG_CMD_LINE_BUFFER (XDATA, PAG)
      000000                        226 uart_rx_buffer::		.ds		0x0100
                                    227 
                                    228 .area XSEG (XDATA)
      000000                        229 uart_rx_buffer_head::	.ds		0x01
      000001                        230 uart_rx_buffer_tail::	.ds		0x01
      000002                        231 uart_rx_buffer_count:	.ds		0x01
      000003                        232 uart_rx_xoff_sent:		.ds		0x01
